cargo :    Compiling windows 
v0.58.0
所在位置 行:1 字符: 1
+ cargo build --release > 
build_output.txt 2>&1
+ ~~~~~~~~~~~~~~~~~~~~~~~~~~~~~
~~~~~~~~~~~~~~~~
    + CategoryInfo          :  
   NotSpecified: (   Compilin  
  g windows v0.58.0:String)    
 [], RemoteException
    + FullyQualifiedErrorId :  
   NativeCommandError
 
   Compiling image v0.25.10
   Compiling egui v0.31.1
   Compiling jiff v0.2.29
   Compiling rust_xlsxwriter 
v0.83.0
   Compiling pdf-extract 
v0.7.12
   Compiling arboard v3.6.1
   Compiling env_logger 
v0.11.11
   Compiling egui_glow v0.31.1
   Compiling accesskit_windows 
v0.24.1
   Compiling accesskit_winit 
v0.23.1
   Compiling egui-winit v0.31.1
   Compiling eframe v0.31.1
   Compiling xingda-jiesuan 
v1.0.0 (C:\Users\ABaLaQiYaShanM
aiI\OneDrive\Desktop\-XingDaLia
nTie-JieSuan-Rust--main)
warning: unexpected `cfg` 
condition value: `gui`
   --> src\cli.rs:539:15
    |
539 |         #[cfg(feature = 
"gui")]
    |               
^^^^^^^^^^^^^^^ help: remove 
the condition
    |
    = note: no expected values 
for `feature`
    = help: consider adding 
`gui` as a feature in 
`Cargo.toml`
    = note: see <https://doc.ru
st-lang.org/nightly/rustc/check
-cfg/cargo-specifics.html> for 
more information about 
checking conditional 
configuration
    = note: 
`#[warn(unexpected_cfgs)]` on 
by default

warning: unexpected `cfg` 
condition value: `gui`
   --> src\cli.rs:544:19
    |
544 |         
#[cfg(not(feature = "gui"))]
    |                   
^^^^^^^^^^^^^^^ help: remove 
the condition
    |
    = note: no expected values 
for `feature`
    = help: consider adding 
`gui` as a feature in 
`Cargo.toml`
    = note: see <https://doc.ru
st-lang.org/nightly/rustc/check
-cfg/cargo-specifics.html> for 
more information about 
checking conditional 
configuration

warning: variable does not 
need to be mutable
   --> src\cli.rs:277:10
    |
277 |     let (mut data, 
rules, excel_style, is_valid) 
= process_pdf_core(
    |          ----^^^^
    |          |
    |          help: remove 
this `mut`
    |
    = note: 
`#[warn(unused_mut)]` (part of 
`#[warn(unused)]`) on by 
default

warning: `xingda-jiesuan` 
(lib) generated 3 warnings 
(run `cargo fix --lib -p 
xingda-jiesuan` to apply 1 
suggestion)
